10/25/2016                                        PLATTEVILLE COMPANY                                                     PAGE: 0001
KODY BRAND                                           PAYROLL REPORT                                                                 

ERROR VALIDATING EMPLOYEE                                                                                                           

ERROR VALIDATING EMPLOYEE                                                                                                           

  EMPL ID: 1000   TYPE: S                                                                                                           
     HOURS: 00.00        OT HOURS: 00.00   GROSS PAY: $1300.00    FED TAX:  $442.00                                                 
      RATE: $1300.00    OT RATE: 0.00                         TAX RATE: %.340     NET PAY:   $858.00                                

ERROR VALIDATING EMPLOYEE                                                                                                           

ERROR VALIDATING EMPLOYEE                                                                                                           

ERROR VALIDATING EMPLOYEE                                                                                                           

  EMPL ID: 2323   TYPE: H                                                                                                           
     HOURS: 10.50        OT HOURS: 00.00   GROSS PAY:  $196.87    FED TAX:   $66.93                                                 
      RATE:   $18.75    OT RATE: 0.00                         TAX RATE: %.340     NET PAY:   $129.94                                

ERROR VALIDATING EMPLOYEE                                                                                                           

ERROR VALIDATING EMPLOYEE                                                                                                           

ERROR VALIDATING EMPLOYEE                                                                                                           

  EMPL ID: 4000   TYPE: S                                                                                                           
     HOURS: 00.00        OT HOURS: 00.00   GROSS PAY: $4500.00    FED TAX: $1530.00                                                 
      RATE: $4500.00    OT RATE: 0.00                         TAX RATE: %.340     NET PAY:  $2970.00                                

ERROR VALIDATING EMPLOYEE                                                                                                           

  EMPL ID: 4342   TYPE: S                                                                                                           
     HOURS: 00.00        OT HOURS: 00.00   GROSS PAY: $4342.00    FED TAX: $1476.28                                                 
      RATE: $4342.00    OT RATE: 0.00                         TAX RATE: %.340     NET PAY:  $2865.72                                

ERROR VALIDATING EMPLOYEE                                                                                                           

ERROR VALIDATING EMPLOYEE                                                                                                           

ERROR VALIDATING EMPLOYEE                                                                                                           

  EMPL ID: 5114   TYPE: H                                                                                                           
     HOURS: 40.00        OT HOURS: 00.50   GROSS PAY:  $800.80    FED TAX:  $272.27                                                 
      RATE:   $20.00    OT RATE: 0.00                         TAX RATE: %.340     NET PAY:   $528.53                                

  EMPL ID: 5349   TYPE: S                                                                                                           
     HOURS: 00.00        OT HOURS: 00.00   GROSS PAY: $2165.00    FED TAX:  $736.10                                                 
      RATE: $2165.00    OT RATE: 0.00                         TAX RATE: %.340     NET PAY:  $1428.90                                

ERROR VALIDATING EMPLOYEE                                                                                                           

ERROR VALIDATING EMPLOYEE                                                                                                           

  EMPL ID: 6767   TYPE: H                                                                                                           
     HOURS: 38.00        OT HOURS: 00.00   GROSS PAY:  $877.80    FED TAX:  $298.45                                                 
      RATE:   $23.10    OT RATE: 0.00                         TAX RATE: %.340     NET PAY:   $579.35                                

ERROR VALIDATING EMPLOYEE                                                                                                           

ERROR VALIDATING EMPLOYEE                                                                                                           

ERROR VALIDATING EMPLOYEE                                                                                                           

ERROR VALIDATING EMPLOYEE                                                                                                           

  EMPL ID: 8234   TYPE: S                                                                                                           
     HOURS: 04.00        OT HOURS: 00.00   GROSS PAY:   $26.74    FED TAX:    $9.09                                                 
      RATE:   $26.74    OT RATE: 0.00                         TAX RATE: %.340     NET PAY:    $17.65                                

ERROR VALIDATING EMPLOYEE                                                                                                           

  EMPL ID: 9371   TYPE: H                                                                                                           
     HOURS: 30.00        OT HOURS: 00.00   GROSS PAY:  $633.00    FED TAX:  $215.22                                                 
      RATE:   $21.10    OT RATE: 0.00                         TAX RATE: %.340     NET PAY:   $417.78                                

ERROR VALIDATING EMPLOYEE                                                                                                           